
> baruna-teknik-web@0.1.0 build
> prisma generate && next build

Environment variables loaded from .env
Prisma schema loaded from prisma\schema.prisma

✔ Generated Prisma Client (v5.22.0) to .\node_modules\@prisma\client in 72ms

Start by importing your Prisma Client (See: https://pris.ly/d/importing-client)

Tip: Curious about the SQL queries Prisma ORM generates? Optimize helps you enhance your visibility: https://pris.ly/tip-2-optimize

▲ Next.js 16.1.3 (Turbopack)
- Environments: .env

⚠ The "middleware" file convention is deprecated. Please use "proxy" instead. Learn more: https://nextjs.org/docs/messages/middleware-to-proxy
  Creating an optimized production build ...
✓ Compiled successfully in 7.7s
  Running TypeScript ...
  Collecting page data using 15 workers ...
  Generating static pages using 15 workers (0/16) ...
  Generating static pages using 15 workers (4/16) 
  Generating static pages using 15 workers (8/16) 
  Generating static pages using 15 workers (12/16) 
✓ Generating static pages using 15 workers (16/16) in 2.2s
  Finalizing page optimization ...

Route (app)                         Revalidate  Expire
┌ ○ /                                       1m      1y
├ ○ /_not-found
├ ƒ /about
├ ƒ /admin
├ ƒ /admin/categories
├ ƒ /admin/categories/[id]/edit
├ ƒ /admin/categories/new
├ ƒ /admin/clients
├ ƒ /admin/content
├ ○ /admin/login
├ ƒ /admin/products
├ ƒ /admin/products/[id]/edit
├ ƒ /admin/products/new
├ ƒ /admin/users
├ ƒ /api/auth/[...nextauth]
├ ƒ /api/debug
├ ƒ /brands/[category]/[brandSlug]
├ ○ /contact
├ ○ /manifest.webmanifest
├ ƒ /products
├ ƒ /products/[slug]
├ ○ /robots.txt
└ ○ /sitemap.xml


ƒ Proxy (Middleware)

○  (Static)   prerendered as static content
ƒ  (Dynamic)  server-rendered on demand

